---
source: onek-tester/src/main.rs
expression: state.to_snapshot(&tx)
---
###
#@#
###

