---
source: onek-invariant/src/tests.rs
expression: info.to_snapshot(&state)
---
player_loc: (4, 2)
view:
????????????????????
????????????????????
????????????????????
????????????????????
????????????????????
????????????????????
????????????????????
????????????????????
??????############??
??????#          #??
??????#   @   #?????
??????#   #      #??
??????####?#######??
????????????????????
????????????????????
????????????????????
????????????????????
????????????????????
????????????????????
????????????????????

notes:

