---
source: onek-invariant/src/main.rs
expression: state.to_snapshot(&test)
---
###
#@#
###

