---
source: src/backend/store.rs
expression: store
---
tuples:
  ? Cell:
      x: 1
      y: 2
  : Location:
      Location:
        x: 1
        y: 2
    Terrain:
      Terrain: Wall
  ? Cell:
      x: 1
      y: 1
  : Location:
      Location:
        x: 1
        y: 1
    Terrain:
      Terrain: Dirt
  ? Cell:
      x: 0
      y: 1
  : Location:
      Location:
        x: 0
        y: 1
    Terrain:
      Terrain: Wall
  ? Cell:
      x: 2
      y: 0
  : Location:
      Location:
        x: 2
        y: 0
    Terrain:
      Terrain: Wall
  DefaultCell:
    Terrain:
      Terrain: Wall
    Objects:
      Objects: []
  ? Cell:
      x: 0
      y: 0
  : Location:
      Location:
        x: 0
        y: 0
    Terrain:
      Terrain: Wall
  Game:
    Messages:
      Messages: []
  ? Cell:
      x: 2
      y: 2
  : Location:
      Location:
        x: 2
        y: 2
    Terrain:
      Terrain: Wall
  ? Cell:
      x: 1
      y: 0
  : Location:
      Location:
        x: 1
        y: 0
    Terrain:
      Terrain: Wall
  ? Cell:
      x: 0
      y: 2
  : Location:
      Location:
        x: 0
        y: 2
    Terrain:
      Terrain: Wall
  ? Cell:
      x: 2
      y: 1
  : Location:
      Location:
        x: 2
        y: 1
    Terrain:
      Terrain: Wall
counter: 0

